Analyzing frontend...                                           

warning - The value of the field '_success' isn't used - lib\app\vitaltrack_app.dart:23:22 - unused_field
warning - The value of the field '_warning' isn't used - lib\app\vitaltrack_app.dart:24:22 - unused_field
warning - The value of the field '_info' isn't used - lib\app\vitaltrack_app.dart:26:22 - unused_field
warning - The value of the field '_bgAlt' isn't used - lib\app\vitaltrack_app.dart:28:22 - unused_field
warning - The value of the field '_neutral700' isn't used - lib\app\vitaltrack_app.dart:36:22 - unused_field
warning - The value of the field '_neutral800' isn't used - lib\app\vitaltrack_app.dart:37:22 - unused_field
warning - The value of the local variable 'controlHeight' isn't used - lib\app\vitaltrack_app.dart:54:24 - unused_local_variable
warning - The value of the local variable 'iconSize' isn't used - lib\app\vitaltrack_app.dart:55:24 - unused_local_variable
  error - The argument for the named parameter 'useMaterial3' was already specified - lib\app\vitaltrack_app.dart:87:15 - duplicate_named_argument

flutter : 9 issues found. (ran in 3.2s)
At line:1 char:1
+ flutter analyze > errors.txt 2>&1 ; Get-Content errors.txt
+ ~~~~~~~~~~~~~~~~~~~~~~~~~~~~~~~~~
    + CategoryInfo          : NotSpecified: (9 issues found. (ran in 3.2s):Str 
   ing) [], RemoteException
    + FullyQualifiedErrorId : NativeCommandError
 
